2021-03-11 22:34:55,664:INFO:flipkrat.py:Url hitted
2021-03-11 22:34:55,871:INFO:flipkrat.py:login popup handled
2021-03-11 22:34:56,219:INFO:flipkrat.py:Search begins
2021-03-11 22:34:59,039:INFO:flipkrat.py:Data saved in scrapper file
2021-03-11 22:35:58,120:INFO:flipkrat.py:Url hitted
2021-03-11 22:35:58,315:INFO:flipkrat.py:login popup handled
2021-03-11 22:35:58,591:INFO:flipkrat.py:Search begins
2021-03-11 22:36:01,400:INFO:flipkrat.py:Data saved in scrapper file
2021-03-11 22:36:23,309:INFO:flipkrat.py:Url hitted
2021-03-11 22:36:23,496:INFO:flipkrat.py:login popup handled
2021-03-11 22:36:23,770:INFO:flipkrat.py:Search begins
2021-03-11 22:36:33,418:INFO:flipkrat.py:Url hitted
2021-03-11 22:36:33,647:INFO:flipkrat.py:login popup handled
2021-03-11 22:36:34,002:INFO:flipkrat.py:Search begins
2021-03-11 22:36:36,914:INFO:flipkrat.py:Data saved in scrapper file
2021-03-11 22:37:59,845:INFO:flipkrat.py:Thread run completed
2021-03-12 18:10:07,996:INFO:flipkrat.py:Url hitted
2021-03-12 18:10:08,216:INFO:flipkrat.py:login popup handled
2021-03-12 18:10:08,649:INFO:flipkrat.py:Search begins for Nike
2021-03-12 18:10:15,835:INFO:flipkrat.py:Data saved in scrapper file
2021-03-12 18:21:17,976:INFO:flipkrat.py:Url hitted
2021-03-12 18:21:18,307:INFO:flipkrat.py:login popup handled
2021-03-12 18:21:18,661:INFO:flipkrat.py:Search begins for shorts
2021-03-12 18:21:45,120:INFO:flipkrat.py:Thread run completed
2021-03-12 18:51:46,598:INFO:flipkrat.py:Url hitted
2021-03-12 18:51:46,854:INFO:flipkrat.py:login popup handled
2021-03-12 18:51:47,148:INFO:flipkrat.py:Search begins for Nike
2021-03-12 18:51:52,934:INFO:flipkrat.py:Data saved in scrapper file
2021-03-12 18:59:13,412:INFO:flipkrat.py:Url hitted
2021-03-12 18:59:13,585:INFO:flipkrat.py:login popup handled
2021-03-12 18:59:13,871:INFO:flipkrat.py:Search begins for Nike
2021-03-12 18:59:20,027:INFO:flipkrat.py:Data saved in scrapper file
2021-03-12 19:05:39,138:INFO:flipkrat.py:Url hitted
2021-03-12 19:05:39,293:INFO:flipkrat.py:login popup handled
2021-03-12 19:05:39,627:INFO:flipkrat.py:Search begins for Saree
2021-03-12 19:05:45,435:INFO:flipkrat.py:Data saved in scrapper file
2021-03-12 19:48:30,551:INFO:flipkrat.py:Url hitted
2021-03-12 19:48:32,022:INFO:flipkrat.py:login popup handled
2021-03-12 19:48:33,971:INFO:flipkrat.py:Search begins for Nike
2021-03-12 19:48:39,271:INFO:flipkrat.py:Data saved in scrapper file
2021-03-12 19:52:16,469:INFO:flipkrat.py:Url hitted
2021-03-12 19:52:16,797:INFO:flipkrat.py:login popup handled
2021-03-12 19:52:17,244:INFO:flipkrat.py:Search begins for Nike
2021-03-12 19:52:19,627:INFO:flipkrat.py:Data saved in scrapper file
2021-03-12 22:38:31,082:INFO:flipkrat.py:Url hitted
2021-03-12 22:38:31,387:INFO:flipkrat.py:login popup handled
2021-03-12 22:38:31,835:INFO:flipkrat.py:Search begins for Nike
2021-03-12 22:38:38,080:INFO:flipkrat.py:Data saved in scrapper file
2021-10-16 19:38:35,234:INFO:flipkrat.py:Url hitted
2021-10-16 19:38:35,556:INFO:flipkrat.py:login popup handled
2021-10-16 19:38:36,149:INFO:flipkrat.py:Search begins for pocom2
2021-10-16 19:39:47,206:INFO:flipkrat.py:Url hitted
2021-10-16 19:39:47,454:INFO:flipkrat.py:login popup handled
2021-10-16 19:39:47,988:INFO:flipkrat.py:Search begins for iphone13
2021-10-16 19:39:51,279:INFO:flipkrat.py:Data saved in scrapper file
2021-10-16 19:41:23,435:INFO:flipkrat.py:Url hitted
2021-10-16 19:41:23,659:INFO:flipkrat.py:login popup handled
2021-10-16 19:41:24,153:INFO:flipkrat.py:Search begins for iphone
2021-10-16 19:41:28,858:INFO:flipkrat.py:Data saved in scrapper file
2021-10-16 19:55:52,146:INFO:flipkrat.py:Url hitted
2021-10-16 19:55:52,426:INFO:flipkrat.py:login popup handled
2021-10-16 19:55:53,141:INFO:flipkrat.py:Search begins for samsung
2021-10-16 19:55:59,173:INFO:flipkrat.py:Data saved in scrapper file
2021-10-16 21:02:38,367:INFO:flipkrat.py:Url hitted
2021-10-16 21:02:38,661:INFO:flipkrat.py:login popup handled
2021-10-16 21:02:39,185:INFO:flipkrat.py:Search begins for poco
2021-10-16 21:03:48,610:INFO:flipkrat.py:Thread run completed
2021-10-16 21:19:47,605:INFO:flipkrat.py:Url hitted
2021-10-16 21:19:47,922:INFO:flipkrat.py:login popup handled
2021-10-16 21:19:48,378:INFO:flipkrat.py:Search begins for iphone
2021-10-16 21:23:08,505:INFO:flipkrat.py:Thread run completed
2021-10-16 21:24:18,044:INFO:flipkrat.py:Url hitted
2021-10-16 21:24:18,285:INFO:flipkrat.py:login popup handled
2021-10-16 21:24:18,686:INFO:flipkrat.py:Search begins for poco
2021-10-16 21:24:34,346:INFO:flipkrat.py:Data saved in scrapper file
